[2026-07-26 17:43:44.998] [INFO] [登录] 收到登录请求 - 数据: {"username": "admin", "password": "123456"}
[2026-07-26 17:43:45.213] [INFO] [登录] 成功 - 用户: admin (ID:1), 账号码: 574860
[2026-07-26 17:43:57.993] [INFO] [登录] 收到登录请求 - 数据: {"username": "admin", "password": "123456"}
[2026-07-26 17:43:58.172] [INFO] [登录] 成功 - 用户: admin (ID:1), 账号码: 574860
[2026-07-26 17:44:11.416] [INFO] [登录] 收到登录请求 - 数据: {"username": "admin", "password": "123456"}
[2026-07-26 17:44:11.620] [INFO] [登录] 成功 - 用户: admin (ID:1), 账号码: 574860
[2026-07-26 17:44:19.050] [INFO] [登录] 收到登录请求 - 数据: {"username": "admin", "password": "123456"}
[2026-07-26 17:44:19.233] [INFO] [登录] 成功 - 用户: admin (ID:1), 账号码: 574860
[2026-07-26 17:44:36.940] [INFO] [登录] 收到登录请求 - 数据: {"username": "admin", "password": "123456"}
[2026-07-26 17:44:37.117] [INFO] [登录] 成功 - 用户: admin (ID:1), 账号码: 574860
[2026-07-26 17:45:53.338] [INFO] [登录] 收到登录请求 - 数据: {"username": "admin", "password": "123456"}
[2026-07-26 17:45:53.515] [INFO] [登录] 成功 - 用户: admin (ID:1), 账号码: 574860
[2026-07-26 18:04:13.325] [INFO] [登录] 收到登录请求 - 数据: {"username": "demo", "password": "demo123"}
[2026-07-26 18:04:13.358] [WARNING] [登录] 失败 - 用户不存在: demo
[2026-07-26 18:04:24.328] [INFO] [登录] 收到登录请求 - 数据: {"username": "admin", "password": "admin123"}
[2026-07-26 18:04:24.459] [WARNING] [登录] 失败 - 密码错误: admin
[2026-07-26 18:04:48.825] [INFO] [登录] 收到登录请求 - 数据: {"username": "admin", "password": "admin123"}
[2026-07-26 18:04:48.959] [WARNING] [登录] 失败 - 密码错误: admin
[2026-07-26 18:04:51.007] [INFO] [登录] 收到登录请求 - 数据: {"username": "admin", "password": "admin"}
[2026-07-26 18:04:51.139] [WARNING] [登录] 失败 - 密码错误: admin
[2026-07-26 18:04:53.191] [INFO] [登录] 收到登录请求 - 数据: {"username": "admin", "password": "123456"}
[2026-07-26 18:04:53.323] [INFO] [登录] 成功 - 用户: admin (ID:1), 账号码: 574860
[2026-07-26 18:04:55.380] [INFO] [登录] 收到登录请求 - 数据: {"username": "admin", "password": "password"}
[2026-07-26 18:04:55.518] [WARNING] [登录] 失败 - 密码错误: admin
[2026-07-26 18:08:19.868] [INFO] [登录] 收到登录请求 - 数据: {"username": "liusu", "password": "123456"}
[2026-07-26 18:08:20.056] [INFO] [登录] 成功 - 用户: liusu (ID:2), 账号码: 128019
[2026-07-26 18:59:46.346] [INFO] [登录] 收到登录请求 - 数据: {"username": "admin", "password": "123456"}
[2026-07-26 18:59:46.532] [INFO] [登录] 成功 - 用户: admin (ID:1), 账号码: 574860
[2026-07-26 19:25:20.993] [INFO] [登录] 收到登录请求 - 数据: {"username": "lsnuts", "password": "123456"}
[2026-07-26 19:25:21.196] [INFO] [登录] 成功 - 用户: lsnuts (ID:1), 账号码: 574860
[2026-07-26 19:25:35.592] [INFO] [登录] 收到登录请求 - 数据: {"username": "liusu", "password": "123456"}
[2026-07-26 19:25:35.772] [INFO] [登录] 成功 - 用户: liusu (ID:2), 账号码: 128019
[2026-07-26 19:27:23.813] [INFO] [登录] 收到登录请求 - 数据: {"username": "admin", "password": "123456"}
[2026-07-26 19:27:23.815] [WARNING] [登录] 失败 - 用户不存在: admin
[2026-07-26 19:27:29.526] [INFO] [登录] 收到登录请求 - 数据: {"username": "lsnuts", "password": "123456"}
[2026-07-26 19:27:29.705] [INFO] [登录] 成功 - 用户: lsnuts (ID:1), 账号码: 574860
[2026-07-26 19:32:24.627] [INFO] [登录] 收到登录请求 - 数据: {"username": "admin", "password": "123456"}
[2026-07-26 19:32:24.650] [WARNING] [登录] 失败 - 用户不存在: admin
[2026-07-26 19:32:33.644] [INFO] [登录] 收到登录请求 - 数据: {"username": "admin", "password": "123456"}
[2026-07-26 19:32:33.646] [WARNING] [登录] 失败 - 用户不存在: admin
[2026-07-26 19:32:46.977] [INFO] [登录] 收到登录请求 - 数据: {"username": "lsnuts", "password": "123456"}
[2026-07-26 19:32:47.142] [INFO] [登录] 成功 - 用户: lsnuts (ID:1), 账号码: 574860
[2026-07-26 19:33:01.636] [INFO] [登录] 收到登录请求 - 数据: {"username": "lsnuts", "password": "123456"}
[2026-07-26 19:33:01.808] [INFO] [登录] 成功 - 用户: lsnuts (ID:1), 账号码: 574860
[2026-07-26 19:41:03.779] [INFO] [登录] 收到登录请求 - 数据: {"username": "lsnuts", "password": "123456"}
[2026-07-26 19:41:03.915] [INFO] [登录] 成功 - 用户: lsnuts (ID:1), 账号码: 574860
[2026-07-26 19:44:30.772] [INFO] [登录] 收到登录请求 - 数据: {"username": "liusu", "password": "123456"}
[2026-07-26 19:44:30.957] [INFO] [登录] 成功 - 用户: liusu (ID:2), 账号码: 128019
[2026-07-26 19:44:45.532] [INFO] [注册] 收到注册请求 - 数据: {"username": "lsnuts", "password": "123456"}
[2026-07-26 19:44:45.535] [WARNING] [注册] 失败 - 用户名已存在: lsnuts
[2026-07-26 19:44:51.339] [INFO] [登录] 收到登录请求 - 数据: {"username": "lsnuts", "password": "123456"}
[2026-07-26 19:44:51.533] [INFO] [登录] 成功 - 用户: lsnuts (ID:1), 账号码: 574860
[2026-07-26 19:45:37.526] [INFO] [登录] 收到登录请求 - 数据: {"username": "lsnuts", "password": "123456"}
[2026-07-26 19:45:37.659] [INFO] [登录] 成功 - 用户: lsnuts (ID:1), 账号码: 574860
[2026-07-26 19:53:05.032] [INFO] [登录] 收到登录请求 - 数据: {"username": "lsnuts", "password": "123456"}
[2026-07-26 19:53:05.158] [INFO] [登录] 成功 - 用户: lsnuts (ID:1), 账号码: 574860
[2026-07-26 19:55:44.939] [INFO] [注册] 收到注册请求 - 数据: {"username": "ceshi1", "password": "123456"}
[2026-07-26 19:55:45.130] [INFO] [注册] 成功 - 用户: ceshi1 (ID:6), 账号码: 912181
[2026-07-26 19:55:53.831] [INFO] [登录] 收到登录请求 - 数据: {"username": "ceshi1", "password": "123456"}
[2026-07-26 19:55:54.008] [INFO] [登录] 成功 - 用户: ceshi1 (ID:6), 账号码: 912181
